// Jest Snapshot v1, https://goo.gl/fbAQLP

exports[`should match snapshot 1`] = `
<View
  style={
    Array [
      Object {
        "paddingBottom": 20,
        "paddingLeft": 0,
        "paddingRight": 0,
        "paddingTop": 0,
      },
      Object {
        "backgroundColor": "red",
      },
    ]
  }
>
  <View
    style={
      Array [
        Object {
          "backgroundColor": "white",
          "elevation": 12,
          "shadowColor": "#000",
          "shadowOffset": Object {
            "height": 5.5,
            "width": 0,
          },
          "shadowOpacity": 0.375,
          "shadowRadius": 10,
        },
        Object {
          "backgroundColor": "blue",
        },
      ]
    }
  >
    <Text>
      test
    </Text>
  </View>
</View>
`;
