// Jest Snapshot v1, https://goo.gl/fbAQLP

exports[`should pass snapshot tests 1`] = `
<View>
  <View
    style={
      Object {
        "alignItems": "center",
        "borderRadius": 12,
        "height": 262,
        "justifyContent": "center",
        "marginRight": 20,
        "overflow": "hidden",
        "width": 210,
      }
    }
  >
    <ActivityIndicator
      animating={true}
      color="#999999"
      hidesWhenStopped={true}
      size="small"
      style={
        Object {
          "position": "absolute",
        }
      }
    />
    <Image
      onLoadEnd={[Function]}
      source={1}
      style={
        Object {
          "height": 262,
          "width": 210,
        }
      }
    />
    <View
      style={
        Object {
          "height": 53.64,
          "position": "absolute",
          "top": 208.36,
          "width": 210,
          "zIndex": 1,
        }
      }
    >
      <View
        style={
          Object {
            "backgroundColor": "rgba(255, 255, 255, 0.95)",
            "height": 53.64,
            "paddingLeft": 16,
            "paddingTop": 8,
            "width": 210,
          }
        }
      >
        <Text
          style={
            Array [
              Object {
                "fontSize": 14,
              },
              Object {
                "marginBottom": 4,
              },
            ]
          }
        >
          Pancakes
        </Text>
        <Text
          style={
            Object {
              "color": "rgba(0, 0, 0, .65)",
              "fontSize": 12,
              "letterSpacing": 0.5,
            }
          }
        >
          20min | serves 4
        </Text>
      </View>
    </View>
  </View>
</View>
`;
