// Jest Snapshot v1, https://goo.gl/fbAQLP

exports[`passes snapshot tests 1`] = `
<View
  style={
    Array [
      Object {
        "backgroundColor": "#fff",
        "borderTopColor": "rgba(108, 123, 138, .24)",
        "borderTopWidth": 1,
        "bottom": 0,
        "flexDirection": "row",
        "height": 74,
        "justifyContent": "space-around",
        "position": "absolute",
        "width": "100%",
      },
      Object {
        "elevation": 5,
        "shadowColor": "#000",
        "shadowOffset": Object {
          "height": 2,
          "width": 0,
        },
        "shadowOpacity": 0.1,
        "shadowRadius": 5,
      },
    ]
  }
>
  <View
    accessible={true}
    isTVSelectable={true}
    onResponderGrant={[Function]}
    onResponderMove={[Function]}
    onResponderRelease={[Function]}
    onResponderTerminate={[Function]}
    onResponderTerminationRequest={[Function]}
    onStartShouldSetResponder={[Function]}
    style={
      Object {
        "alignItems": "center",
        "flex": 1,
        "marginTop": 5,
        "opacity": 1,
      }
    }
  >
    <Text />
    <Text
      style={
        Object {
          "color": "#ffc3a0",
        }
      }
    >
      Home
    </Text>
  </View>
  <View
    accessible={true}
    isTVSelectable={true}
    onResponderGrant={[Function]}
    onResponderMove={[Function]}
    onResponderRelease={[Function]}
    onResponderTerminate={[Function]}
    onResponderTerminationRequest={[Function]}
    onStartShouldSetResponder={[Function]}
    style={
      Object {
        "alignItems": "center",
        "flex": 1,
        "marginTop": 5,
        "opacity": 1,
      }
    }
  >
    <Text />
    <Text
      style={
        Object {
          "color": "#757575",
        }
      }
    >
      Categories
    </Text>
  </View>
  <View
    accessible={true}
    isTVSelectable={true}
    onResponderGrant={[Function]}
    onResponderMove={[Function]}
    onResponderRelease={[Function]}
    onResponderTerminate={[Function]}
    onResponderTerminationRequest={[Function]}
    onStartShouldSetResponder={[Function]}
    style={
      Object {
        "alignItems": "center",
        "flex": 1,
        "marginTop": 5,
        "opacity": 1,
      }
    }
  >
    <Text />
    <Text
      style={
        Object {
          "color": "#757575",
        }
      }
    >
      My Meal
    </Text>
  </View>
</View>
`;
