// Jest Snapshot v1, https://goo.gl/fbAQLP

exports[`should render a plain button 1`] = `
<View>
  <View
    accessible={true}
    isTVSelectable={true}
    onResponderGrant={[Function]}
    onResponderMove={[Function]}
    onResponderRelease={[Function]}
    onResponderTerminate={[Function]}
    onResponderTerminationRequest={[Function]}
    onStartShouldSetResponder={[Function]}
    style={
      Object {
        "alignItems": "center",
        "backgroundColor": "white",
        "borderColor": "black",
        "borderRadius": 72,
        "borderWidth": 3,
        "flexDirection": "row",
        "height": 56,
        "justifyContent": "center",
        "opacity": 1,
        "width": 315,
      }
    }
  >
    <Text
      style={
        Object {
          "color": "black",
          "flexDirection": "row",
          "fontFamily": "raleway-bold",
          "fontSize": 18,
          "lineHeight": 32,
        }
      }
    >
      test
    </Text>
  </View>
</View>
`;
