// Jest Snapshot v1, https://goo.gl/fbAQLP

exports[`passes snapshot tests 1`] = `
<View
  style={
    Object {
      "alignItems": "center",
      "backgroundColor": "rgba(0, 0, 0, .05)",
      "borderRadius": 50,
      "display": "flex",
      "flexDirection": "row",
      "height": 50,
      "paddingLeft": 20,
    }
  }
>
  <TextInput
    allowFontScaling={true}
    onBlur={[Function]}
    onChangeText={[Function]}
    onFocus={[Function]}
    placeholder="Find recipes, ingredients..."
    placeholderTextColor="rgba(0,0,0,0.5)"
    style={
      Object {
        "flex": 1,
        "fontSize": 18,
      }
    }
    underlineColorAndroid="transparent"
    value=""
  />
  <View
    style={
      Object {
        "alignItems": "center",
        "display": "flex",
        "flexDirection": "row",
        "height": "100%",
        "justifyContent": "center",
        "paddingRight": 10,
        "width": 50,
      }
    }
  >
    <Text />
  </View>
</View>
`;
