// Jest Snapshot v1, https://goo.gl/fbAQLP

exports[`passes snapshot tests 1`] = `
<View
  style={
    Object {
      "alignItems": "center",
      "backgroundColor": "rgba(255, 255, 255, .2)",
      "borderRadius": 72,
      "display": "flex",
      "flexDirection": "row",
      "height": 56,
      "marginTop": 56,
      "paddingLeft": 36,
      "paddingRight": 36,
      "width": 315,
    }
  }
>
  <TextInput
    allowFontScaling={true}
    onChangeText={[Function]}
    placeholder="Search Recipes..."
    placeholderTextColor="white"
    style={
      Object {
        "color": "white",
        "flex": 1,
        "fontFamily": "raleway",
        "fontSize": 18,
      }
    }
    underlineColorAndroid="transparent"
    value=""
  />
  <Text />
</View>
`;
