// Jest Snapshot v1, https://goo.gl/fbAQLP

exports[`<StepView/> should pass snapshot tests 1`] = `
Array [
  <View
    style={
      Array [
        Object {
          "alignItems": "stretch",
          "display": "flex",
          "flexDirection": "row",
        },
        undefined,
      ]
    }
  >
    <View
      style={
        Array [
          Object {
            "width": 75,
          },
          Object {
            "alignItems": "center",
            "display": "flex",
            "flexDirection": "column",
          },
        ]
      }
    >
      <View
        style={
          Array [
            Object {
              "alignItems": "center",
              "borderColor": "black",
              "borderRadius": 25,
              "borderWidth": 1,
              "display": "flex",
              "height": 40,
              "justifyContent": "center",
              "width": 40,
            },
            undefined,
          ]
        }
      >
        <Text
          style={
            Array [
              Object {
                "fontSize": 17,
              },
              undefined,
            ]
          }
        >
          1
        </Text>
      </View>
      <View
        style={
          Object {
            "borderLeftColor": "black",
            "borderLeftWidth": 1,
            "flex": 1,
          }
        }
      />
    </View>
    <View
      style={
        Array [
          Object {
            "marginLeft": 0,
          },
          Object {
            "flex": 1,
          },
          undefined,
        ]
      }
    >
      <View
        style={
          Array [
            Object {
              "paddingBottom": 20,
              "paddingLeft": 0,
              "paddingRight": 20,
              "paddingTop": 0,
            },
            undefined,
          ]
        }
      >
        <View
          style={
            Object {
              "display": "flex",
              "flexDirection": "column",
              "justifyContent": "center",
              "minHeight": 40,
            }
          }
        >
          <Text
            style={
              Array [
                Object {
                  "fontSize": 22,
                },
                undefined,
              ]
            }
          >
            name 1
          </Text>
        </View>
        <View
          style={Object {}}
        >
          <View
            style={
              Object {
                "alignItems": "flex-start",
                "flexDirection": "row",
                "flexWrap": "wrap",
                "justifyContent": "flex-start",
                "marginBottom": 10,
                "marginTop": 10,
              }
            }
          >
            <Text
              style={Object {}}
            >
              <Text>
                body 1
              </Text>
            </Text>
          </View>
        </View>
      </View>
    </View>
  </View>,
  <View
    style={
      Array [
        Object {
          "alignItems": "stretch",
          "display": "flex",
          "flexDirection": "row",
        },
        undefined,
      ]
    }
  >
    <View
      style={
        Array [
          Object {
            "width": 75,
          },
          Object {
            "alignItems": "center",
            "display": "flex",
            "flexDirection": "column",
          },
        ]
      }
    >
      <View
        style={
          Array [
            Object {
              "alignItems": "center",
              "borderColor": "black",
              "borderRadius": 25,
              "borderWidth": 1,
              "display": "flex",
              "height": 40,
              "justifyContent": "center",
              "width": 40,
            },
            undefined,
          ]
        }
      >
        <Text
          style={
            Array [
              Object {
                "fontSize": 17,
              },
              undefined,
            ]
          }
        >
          2
        </Text>
      </View>
      <View
        style={
          Object {
            "borderLeftColor": "black",
            "borderLeftWidth": 1,
            "flex": 1,
          }
        }
      />
    </View>
    <View
      style={
        Array [
          Object {
            "marginLeft": 0,
          },
          Object {
            "flex": 1,
          },
          undefined,
        ]
      }
    >
      <View
        style={
          Array [
            Object {
              "paddingBottom": 20,
              "paddingLeft": 0,
              "paddingRight": 20,
              "paddingTop": 0,
            },
            undefined,
          ]
        }
      >
        <View
          style={
            Object {
              "display": "flex",
              "flexDirection": "column",
              "justifyContent": "center",
              "minHeight": 40,
            }
          }
        >
          <Text
            style={
              Array [
                Object {
                  "fontSize": 22,
                },
                undefined,
              ]
            }
          >
            name 2
          </Text>
        </View>
        <View
          style={
            Object {
              "height": 20,
            }
          }
        />
      </View>
    </View>
  </View>,
]
`;
