// Jest Snapshot v1, https://goo.gl/fbAQLP

exports[`passes snapshot tests 1`] = `
<View>
  <View>
    <View
      accessible={true}
      isTVSelectable={true}
      onResponderGrant={[Function]}
      onResponderMove={[Function]}
      onResponderRelease={[Function]}
      onResponderTerminate={[Function]}
      onResponderTerminationRequest={[Function]}
      onStartShouldSetResponder={[Function]}
      style={
        Object {
          "alignItems": "center",
          "backgroundColor": "transparent",
          "borderColor": "white",
          "borderRadius": 72,
          "borderWidth": 3,
          "flexDirection": "row",
          "height": 56,
          "justifyContent": "center",
          "opacity": 1,
          "width": 315,
        }
      }
    >
      <Text
        style={
          Object {
            "color": "white",
            "flexDirection": "row",
            "fontFamily": "raleway-bold",
            "fontSize": 18,
            "lineHeight": 32,
          }
        }
      >
        Test Button
      </Text>
    </View>
  </View>
  <Modal
    animationType="slide"
    hardwareAccelerated={false}
    transparent={true}
    visible={false}
  >
    <View
      accessible={true}
      isTVSelectable={true}
      onResponderGrant={[Function]}
      onResponderMove={[Function]}
      onResponderRelease={[Function]}
      onResponderTerminate={[Function]}
      onResponderTerminationRequest={[Function]}
      onStartShouldSetResponder={[Function]}
      style={
        Object {
          "alignItems": "center",
          "flex": 1,
          "justifyContent": "center",
          "opacity": 1,
        }
      }
    >
      <View
        accessible={true}
        onResponderGrant={[Function]}
        onResponderMove={[Function]}
        onResponderRelease={[Function]}
        onResponderTerminate={[Function]}
        onResponderTerminationRequest={[Function]}
        onStartShouldSetResponder={[Function]}
        style={
          Array [
            Object {
              "backgroundColor": "white",
              "borderTopLeftRadius": 39,
              "borderTopRightRadius": 39,
              "bottom": 0,
              "height": 320,
              "paddingLeft": 35,
              "paddingRight": 35,
              "paddingTop": 42,
              "position": "absolute",
              "width": 304,
            },
            Object {
              "elevation": 8,
              "shadowColor": "#000",
              "shadowOffset": Object {
                "height": 3,
                "width": 0,
              },
              "shadowOpacity": 0.27,
              "shadowRadius": 4.65,
            },
          ]
        }
      >
        <Text
          style={
            Object {
              "fontFamily": "raleway-medium",
              "fontSize": 24,
            }
          }
        />
        <Text
          style={
            Object {
              "fontFamily": "raleway",
              "fontSize": 14,
            }
          }
        />
      </View>
    </View>
  </Modal>
</View>
`;
