// Jest Snapshot v1, https://goo.gl/fbAQLP

exports[`passes snapshot tests 1`] = `
<RCTSafeAreaView
  style={
    Object {
      "flex": 1,
      "margin": 50,
      "paddingTop": 0,
    }
  }
>
  <Text>
    Shadow Sandbox
  </Text>
  <View
    style={
      Object {
        "backgroundColor": "white",
        "borderRadius": 10,
        "elevation": 0,
        "height": 100,
        "margin": 20,
        "shadowColor": "#000",
        "shadowOffset": Object {
          "height": 1,
          "width": 0,
        },
        "shadowOpacity": 0,
        "shadowRadius": 0,
        "width": 100,
      }
    }
  />
  <Text>
    0
  </Text>
  <RCTSlider
    disabled={false}
    enabled={true}
    max={1}
    maximumValue={1}
    min={0}
    minimumValue={0}
    onChange={[Function]}
    onResponderTerminationRequest={[Function]}
    onStartShouldSetResponder={[Function]}
    onValueChange={[Function]}
    step={0}
    style={
      Object {
        "height": 40,
      }
    }
    value={0}
  />
</RCTSafeAreaView>
`;
